[    1919ms] [VERBOSE] [DOM] Input elements should have autocomplete attributes (suggested: "current-password"): (More info: https://goo.gl/9p2vKq) %o @ https://accounts.test.vgts.xyz/signin/invoice:0
[    3461ms] [ERROR] Failed to load resource: the server responded with a status of 400 () @ https://organization.test.api.vgts.xyz/core/erp-announcements/:0
[    4850ms] [ERROR] Failed to load resource: the server responded with a status of 500 () @ https://invoice.test.api.vgts.xyz/bills/chart-of-accounts-dropdown/:0
[    6427ms] [ERROR] Failed to load resource: the server responded with a status of 500 () @ https://invoice.test.api.vgts.xyz/bills/chart-of-accounts-dropdown/:0
[    7014ms] [ERROR] Failed to load resource: the server responded with a status of 400 () @ https://organization.test.api.vgts.xyz/core/erp-announcements/:0
[    8309ms] [ERROR] Failed to load resource: the server responded with a status of 500 () @ https://organization.test.api.vgts.xyz/core/erp-announcements/:0
[   13363ms] [ERROR] Failed to load resource: the server responded with a status of 500 () @ https://organization.test.api.vgts.xyz/core/erp-announcements/:0
[  313692ms] [ERROR] Failed to load resource: the server responded with a status of 500 () @ https://organization.test.api.vgts.xyz/core/erp-announcements/:0
[  314841ms] [ERROR] Failed to load resource: the server responded with a status of 500 () @ https://organization.test.api.vgts.xyz/core/erp-announcements/:0
[  615186ms] [ERROR] Failed to load resource: the server responded with a status of 500 () @ https://organization.test.api.vgts.xyz/core/erp-announcements/:0
[  616330ms] [ERROR] Failed to load resource: the server responded with a status of 500 () @ https://organization.test.api.vgts.xyz/core/erp-announcements/:0
[  916602ms] [ERROR] Failed to load resource: the server responded with a status of 500 () @ https://organization.test.api.vgts.xyz/core/erp-announcements/:0
[  917771ms] [ERROR] Failed to load resource: the server responded with a status of 500 () @ https://organization.test.api.vgts.xyz/core/erp-announcements/:0
[ 1218170ms] [ERROR] Failed to load resource: the server responded with a status of 500 () @ https://organization.test.api.vgts.xyz/core/erp-announcements/:0
[ 1219335ms] [ERROR] Failed to load resource: the server responded with a status of 500 () @ https://organization.test.api.vgts.xyz/core/erp-announcements/:0
[ 1519566ms] [ERROR] Failed to load resource: the server responded with a status of 500 () @ https://organization.test.api.vgts.xyz/core/erp-announcements/:0
[ 1520729ms] [ERROR] Failed to load resource: the server responded with a status of 500 () @ https://organization.test.api.vgts.xyz/core/erp-announcements/:0
[ 1821169ms] [ERROR] Failed to load resource: the server responded with a status of 500 () @ https://organization.test.api.vgts.xyz/core/erp-announcements/:0
[ 1822383ms] [ERROR] Failed to load resource: the server responded with a status of 500 () @ https://organization.test.api.vgts.xyz/core/erp-announcements/:0
[ 2122631ms] [ERROR] Failed to load resource: the server responded with a status of 500 () @ https://organization.test.api.vgts.xyz/core/erp-announcements/:0
[ 2123780ms] [ERROR] Failed to load resource: the server responded with a status of 500 () @ https://organization.test.api.vgts.xyz/core/erp-announcements/:0
[ 2424152ms] [ERROR] Failed to load resource: the server responded with a status of 500 () @ https://organization.test.api.vgts.xyz/core/erp-announcements/:0
[ 2425326ms] [ERROR] Failed to load resource: the server responded with a status of 500 () @ https://organization.test.api.vgts.xyz/core/erp-announcements/:0
[ 2725652ms] [ERROR] Failed to load resource: the server responded with a status of 500 () @ https://organization.test.api.vgts.xyz/core/erp-announcements/:0
[ 2726829ms] [ERROR] Failed to load resource: the server responded with a status of 500 () @ https://organization.test.api.vgts.xyz/core/erp-announcements/:0
[ 3027287ms] [ERROR] Failed to load resource: the server responded with a status of 500 () @ https://organization.test.api.vgts.xyz/core/erp-announcements/:0
[ 3028491ms] [ERROR] Failed to load resource: the server responded with a status of 500 () @ https://organization.test.api.vgts.xyz/core/erp-announcements/:0
[ 3328788ms] [ERROR] Failed to load resource: the server responded with a status of 500 () @ https://organization.test.api.vgts.xyz/core/erp-announcements/:0
[ 3329982ms] [ERROR] Failed to load resource: the server responded with a status of 500 () @ https://organization.test.api.vgts.xyz/core/erp-announcements/:0
[ 3630275ms] [ERROR] Failed to load resource: the server responded with a status of 500 () @ https://organization.test.api.vgts.xyz/core/erp-announcements/:0
[ 3631431ms] [ERROR] Failed to load resource: the server responded with a status of 500 () @ https://organization.test.api.vgts.xyz/core/erp-announcements/:0
[ 3931853ms] [ERROR] Failed to load resource: the server responded with a status of 500 () @ https://organization.test.api.vgts.xyz/core/erp-announcements/:0
[ 3933011ms] [ERROR] Failed to load resource: the server responded with a status of 500 () @ https://organization.test.api.vgts.xyz/core/erp-announcements/:0
[ 4233616ms] [ERROR] Failed to load resource: the server responded with a status of 500 () @ https://organization.test.api.vgts.xyz/core/erp-announcements/:0
[ 4235099ms] [ERROR] Failed to load resource: the server responded with a status of 500 () @ https://organization.test.api.vgts.xyz/core/erp-announcements/:0
[ 4536111ms] [ERROR] Failed to load resource: the server responded with a status of 500 () @ https://organization.test.api.vgts.xyz/core/erp-announcements/:0
[ 4537516ms] [ERROR] Failed to load resource: the server responded with a status of 500 () @ https://organization.test.api.vgts.xyz/core/erp-announcements/:0
[ 4837717ms] [ERROR] Failed to load resource: the server responded with a status of 500 () @ https://organization.test.api.vgts.xyz/core/erp-announcements/:0
[ 4838848ms] [ERROR] Failed to load resource: the server responded with a status of 500 () @ https://organization.test.api.vgts.xyz/core/erp-announcements/:0
[ 5139315ms] [ERROR] Failed to load resource: the server responded with a status of 500 () @ https://organization.test.api.vgts.xyz/core/erp-announcements/:0
[ 5140487ms] [ERROR] Failed to load resource: the server responded with a status of 500 () @ https://organization.test.api.vgts.xyz/core/erp-announcements/:0
[ 5440977ms] [ERROR] Failed to load resource: the server responded with a status of 500 () @ https://organization.test.api.vgts.xyz/core/erp-announcements/:0
[ 5442158ms] [ERROR] Failed to load resource: the server responded with a status of 500 () @ https://organization.test.api.vgts.xyz/core/erp-announcements/:0
[ 5742403ms] [ERROR] Failed to load resource: the server responded with a status of 500 () @ https://organization.test.api.vgts.xyz/core/erp-announcements/:0
[ 5743580ms] [ERROR] Failed to load resource: the server responded with a status of 500 () @ https://organization.test.api.vgts.xyz/core/erp-announcements/:0
[ 6044006ms] [ERROR] Failed to load resource: the server responded with a status of 500 () @ https://organization.test.api.vgts.xyz/core/erp-announcements/:0
[ 6045191ms] [ERROR] Failed to load resource: the server responded with a status of 500 () @ https://organization.test.api.vgts.xyz/core/erp-announcements/:0
[ 6345639ms] [ERROR] Failed to load resource: the server responded with a status of 500 () @ https://organization.test.api.vgts.xyz/core/erp-announcements/:0
[ 6346847ms] [ERROR] Failed to load resource: the server responded with a status of 500 () @ https://organization.test.api.vgts.xyz/core/erp-announcements/:0
